
> app-integral-fm@1.0.0 build
> vite build

vite v6.4.3 building for production...
transforming...
✓ 1793 modules transformed.
rendering chunks...
computing gzip size...
dist/index.html                                                   2.01 kB │ gzip:   0.77 kB
dist/assets/manrope-latin-500-normal-BYYD-dBL.woff2              14.04 kB
dist/assets/manrope-latin-400-normal-PaqtzbVb.woff2              14.11 kB
dist/assets/manrope-latin-600-normal-4f0koTD-.woff2              14.17 kB
dist/assets/manrope-latin-700-normal-BZp_XxE4.woff2              14.21 kB
dist/assets/manrope-latin-500-normal-DMZssgOp.woff               18.24 kB
dist/assets/manrope-latin-400-normal-8tf8FM3T.woff               18.29 kB
dist/assets/manrope-latin-600-normal-BqgrALkZ.woff               18.38 kB
dist/assets/manrope-latin-700-normal-DGRFkw-m.woff               18.41 kB
dist/assets/cormorant-garamond-latin-500-normal-BsRWmXhO.woff2   23.31 kB
dist/assets/cormorant-garamond-latin-600-normal-Co1r35X9.woff2   23.40 kB
dist/assets/inter-latin-400-normal-C38fXH4l.woff2                23.66 kB
dist/assets/inter-latin-500-normal-Cerq10X2.woff2                24.27 kB
dist/assets/inter-latin-700-normal-Yt3aPRUw.woff2                24.36 kB
dist/assets/inter-latin-600-normal-LgqL8muc.woff2                24.45 kB
dist/assets/inter-latin-400-normal-CyCys3Eg.woff                 30.70 kB
dist/assets/inter-latin-600-normal-CiBQ2DWP.woff                 31.26 kB
dist/assets/inter-latin-500-normal-BL9OpVg8.woff                 31.28 kB
dist/assets/cormorant-garamond-latin-600-normal-2CBVLo0M.woff    31.30 kB
dist/assets/inter-latin-700-normal-BLAVimhd.woff                 31.32 kB
dist/assets/cormorant-garamond-latin-500-normal-zIXX3Q-H.woff    31.37 kB
dist/assets/meta-ads-creative-DemJfbID.css                        3.75 kB │ gzip:   0.96 kB
dist/assets/MetaAdsHubPage-5GyLLft4.css                           5.28 kB │ gzip:   1.31 kB
dist/assets/index-CLnEsdhe.css                                  225.18 kB │ gzip:  38.62 kB
dist/assets/AuditPage-HqM9wp7U.js                                 1.43 kB │ gzip:   0.81 kB
dist/assets/HelpTooltip-CWB-u4Cc.js                               1.65 kB │ gzip:   0.90 kB
dist/assets/pdfTextExtractor-aifx-1zy.js                          3.76 kB │ gzip:   1.76 kB
dist/assets/AdministrationPage-DTTuYyhB.js                        4.61 kB │ gzip:   1.92 kB
dist/assets/ActivityPage-D2-i6WYh.js                              4.92 kB │ gzip:   1.99 kB
dist/assets/GenericModulePage-DOL6SaNp.js                         4.95 kB │ gzip:   2.18 kB
dist/assets/meta-ads-creative-CCH7727i.js                         7.67 kB │ gzip:   3.25 kB
dist/assets/QuickSalesPage-BZT9s7Ku.js                            9.31 kB │ gzip:   3.67 kB
dist/assets/ProductsPage-BdKydOW9.js                             12.26 kB │ gzip:   4.04 kB
dist/assets/LocationsPage-ZWza6T2q.js                            13.53 kB │ gzip:   5.03 kB
dist/assets/LoyalCustomersPage-BDvOxr5y.js                       18.64 kB │ gzip:   6.14 kB
dist/assets/WarehousePage-Bh_UmeAs.js                            22.52 kB │ gzip:   6.45 kB
dist/assets/SalesMetricsPage-C03Acgsv.js                         24.03 kB │ gzip:   8.26 kB
dist/assets/SettingsPage-QMRW6jNe.js                             30.24 kB │ gzip:   8.04 kB
dist/assets/WhatsAppCampaignsPage-BHs-FUSE.js                    30.63 kB │ gzip:   9.85 kB
dist/assets/LocationDetailPage-BuBmPWBP.js                       39.59 kB │ gzip:  10.96 kB
dist/assets/index-D9qr7lu9.js                                    51.29 kB │ gzip:  15.68 kB
dist/assets/LoginPage-BR8dsg18.js                                72.13 kB │ gzip:  20.11 kB
dist/assets/Storefront-DpzsKnqR.js                               72.22 kB │ gzip:  20.75 kB
dist/assets/MetaAdsHubPage-Dfg27T_V.js                          107.24 kB │ gzip:  29.05 kB
dist/assets/ManagementApp-SUNJLNg-.js                           182.32 kB │ gzip:  53.01 kB
dist/assets/index-CLHzE3mE.js                                   864.13 kB │ gzip: 225.51 kB

(!) Some chunks are larger than 500 kB after minification. Consider:
- Using dynamic import() to code-split the application
- Use build.rollupOptions.output.manualChunks to improve chunking: https://rollupjs.org/configuration-options/#output-manualchunks
- Adjust chunk size limit for this warning via build.chunkSizeWarningLimit.
✓ built in 9.86s
