
> app-integral-fm@1.0.0 build:gestion
> vite build --mode gestion

vite v6.4.3 building for gestion...
transforming...
✓ 1763 modules transformed.
rendering chunks...
computing gzip size...
dist/gestion/index.html                                                     1.90 kB │ gzip:   0.77 kB
dist/gestion/assets/manrope-latin-500-normal-BYYD-dBL.woff2                14.04 kB
dist/gestion/assets/manrope-latin-400-normal-PaqtzbVb.woff2                14.11 kB
dist/gestion/assets/manrope-latin-600-normal-4f0koTD-.woff2                14.17 kB
dist/gestion/assets/manrope-latin-700-normal-BZp_XxE4.woff2                14.21 kB
dist/gestion/assets/manrope-latin-500-normal-DMZssgOp.woff                 18.24 kB
dist/gestion/assets/manrope-latin-400-normal-8tf8FM3T.woff                 18.29 kB
dist/gestion/assets/manrope-latin-600-normal-BqgrALkZ.woff                 18.38 kB
dist/gestion/assets/manrope-latin-700-normal-DGRFkw-m.woff                 18.41 kB
dist/gestion/assets/cormorant-garamond-latin-500-normal-BsRWmXhO.woff2     23.31 kB
dist/gestion/assets/cormorant-garamond-latin-600-normal-Co1r35X9.woff2     23.40 kB
dist/gestion/assets/inter-latin-400-normal-C38fXH4l.woff2                  23.66 kB
dist/gestion/assets/inter-latin-500-normal-Cerq10X2.woff2                  24.27 kB
dist/gestion/assets/inter-latin-700-normal-Yt3aPRUw.woff2                  24.36 kB
dist/gestion/assets/inter-latin-600-normal-LgqL8muc.woff2                  24.45 kB
dist/gestion/assets/inter-latin-400-normal-CyCys3Eg.woff                   30.70 kB
dist/gestion/assets/inter-latin-600-normal-CiBQ2DWP.woff                   31.26 kB
dist/gestion/assets/inter-latin-500-normal-BL9OpVg8.woff                   31.28 kB
dist/gestion/assets/cormorant-garamond-latin-600-normal-2CBVLo0M.woff      31.30 kB
dist/gestion/assets/inter-latin-700-normal-BLAVimhd.woff                   31.32 kB
dist/gestion/assets/cormorant-garamond-latin-500-normal-zIXX3Q-H.woff      31.37 kB
dist/gestion/assets/meta-ads-creative-DemJfbID.css                          3.75 kB │ gzip:   0.96 kB
dist/gestion/assets/MetaAdsHubPage-5GyLLft4.css                             5.28 kB │ gzip:   1.31 kB
dist/gestion/assets/index-CLnEsdhe.css                                    225.18 kB │ gzip:  38.62 kB
dist/gestion/assets/AuditPage-CYoZ2KzV.js                                   1.36 kB │ gzip:   0.77 kB
dist/gestion/assets/HelpTooltip-D4Eby-VP.js                                 1.57 kB │ gzip:   0.86 kB
dist/gestion/assets/pdfTextExtractor-CERwSxau.js                            3.69 kB │ gzip:   1.73 kB

(!) Some chunks are larger than 500 kB after minification. Consider:
- Using dynamic import() to code-split the application
- Use build.rollupOptions.output.manualChunks to improve chunking: https://rollupjs.org/configuration-options/#output-manualchunks
- Adjust chunk size limit for this warning via build.chunkSizeWarningLimit.
dist/gestion/assets/AdministrationPage-BO97L8wj.js                          4.53 kB │ gzip:   1.88 kB
dist/gestion/assets/ActivityPage-BARqj9jx.js                                4.85 kB │ gzip:   1.95 kB
dist/gestion/assets/GenericModulePage-DhuN3Efv.js                           4.87 kB │ gzip:   2.14 kB
dist/gestion/assets/meta-ads-creative-DtI0yFVQ.js                           7.67 kB │ gzip:   3.25 kB
dist/gestion/assets/QuickSalesPage-DPONPuk5.js                              9.24 kB │ gzip:   3.63 kB
dist/gestion/assets/LocationsPage-9PYObBhg.js                              13.46 kB │ gzip:   5.01 kB
dist/gestion/assets/LoyalCustomersPage-CsKX8prc.js                         18.56 kB │ gzip:   6.11 kB
dist/gestion/assets/ProductsPage-InIPdwsV.js                               18.84 kB │ gzip:   5.21 kB
dist/gestion/assets/WarehousePage-BBAWWyxd.js                              22.44 kB │ gzip:   6.43 kB
dist/gestion/assets/SalesMetricsPage-oZXknbne.js                           23.96 kB │ gzip:   8.22 kB
dist/gestion/assets/SettingsPage-BSdditak.js                               30.18 kB │ gzip:   8.02 kB
dist/gestion/assets/WhatsAppCampaignsPage-D598EQJL.js                      30.57 kB │ gzip:   9.82 kB
dist/gestion/assets/LocationDetailPage-D1Kyo-KJ.js                         39.53 kB │ gzip:  10.95 kB
dist/gestion/assets/index-D9qr7lu9.js                                      51.29 kB │ gzip:  15.68 kB
dist/gestion/assets/MetaAdsHubPage-DUpP45cQ.js                            107.11 kB │ gzip:  29.01 kB
dist/gestion/assets/index-BAQyDYb1.js                                   1,102.79 kB │ gzip: 292.31 kB
✓ built in 4.13s
