
> app-integral-fm@1.0.0 build
> vite build

vite v6.4.3 building for production...
transforming...
✓ 1792 modules transformed.
rendering chunks...
computing gzip size...
dist/index.html                                                   2.01 kB │ gzip:   0.77 kB
dist/assets/manrope-latin-500-normal-BYYD-dBL.woff2              14.04 kB
dist/assets/manrope-latin-400-normal-PaqtzbVb.woff2              14.11 kB
dist/assets/manrope-latin-600-normal-4f0koTD-.woff2              14.17 kB
dist/assets/manrope-latin-700-normal-BZp_XxE4.woff2              14.21 kB
dist/assets/manrope-latin-500-normal-DMZssgOp.woff               18.24 kB
dist/assets/manrope-latin-400-normal-8tf8FM3T.woff               18.29 kB
dist/assets/manrope-latin-600-normal-BqgrALkZ.woff               18.38 kB
dist/assets/manrope-latin-700-normal-DGRFkw-m.woff               18.41 kB
dist/assets/cormorant-garamond-latin-500-normal-BsRWmXhO.woff2   23.31 kB
dist/assets/cormorant-garamond-latin-600-normal-Co1r35X9.woff2   23.40 kB
dist/assets/inter-latin-400-normal-C38fXH4l.woff2                23.66 kB
dist/assets/inter-latin-500-normal-Cerq10X2.woff2                24.27 kB
dist/assets/inter-latin-700-normal-Yt3aPRUw.woff2                24.36 kB
dist/assets/inter-latin-600-normal-LgqL8muc.woff2                24.45 kB
dist/assets/inter-latin-400-normal-CyCys3Eg.woff                 30.70 kB
dist/assets/inter-latin-600-normal-CiBQ2DWP.woff                 31.26 kB
dist/assets/inter-latin-500-normal-BL9OpVg8.woff                 31.28 kB
dist/assets/cormorant-garamond-latin-600-normal-2CBVLo0M.woff    31.30 kB
dist/assets/inter-latin-700-normal-BLAVimhd.woff                 31.32 kB
dist/assets/cormorant-garamond-latin-500-normal-zIXX3Q-H.woff    31.37 kB
dist/assets/meta-ads-creative-DemJfbID.css                        3.75 kB │ gzip:   0.96 kB
dist/assets/MetaAdsHubPage-5GyLLft4.css                           5.28 kB │ gzip:   1.31 kB
dist/assets/index-8Xm5P7tO.css                                  224.20 kB │ gzip:  38.49 kB
dist/assets/AuditPage-C_L4TdG4.js                                 1.43 kB │ gzip:   0.80 kB
dist/assets/HelpTooltip-3LQchMPG.js                               1.65 kB │ gzip:   0.90 kB
dist/assets/pdfTextExtractor-BnmmGA2z.js                          3.76 kB │ gzip:   1.76 kB
dist/assets/AdministrationPage-DxT9Ei4S.js                        4.61 kB │ gzip:   1.92 kB
dist/assets/ActivityPage-DvF8RTTf.js                              4.92 kB │ gzip:   1.98 kB
dist/assets/GenericModulePage-C-0Kb3tF.js                         4.95 kB │ gzip:   2.18 kB
dist/assets/meta-ads-creative-ELuqiorw.js                         7.67 kB │ gzip:   3.25 kB
dist/assets/QuickSalesPage-BXzxjjhh.js                            9.24 kB │ gzip:   3.64 kB
dist/assets/ProductsPage-DjCf4Lqq.js                             12.26 kB │ gzip:   4.04 kB
dist/assets/LocationsPage-BUGNZXMD.js                            13.53 kB │ gzip:   5.03 kB
dist/assets/LoyalCustomersPage-QHpKa0qs.js                       18.64 kB │ gzip:   6.14 kB
dist/assets/WarehousePage-D7J6msW2.js                            22.52 kB │ gzip:   6.45 kB
dist/assets/SalesMetricsPage-B1XjZL2e.js                         24.03 kB │ gzip:   8.26 kB
dist/assets/SettingsPage-BwkmD0oE.js                             27.75 kB │ gzip:   7.17 kB
dist/assets/WhatsAppCampaignsPage-CG9mgrcP.js                    30.63 kB │ gzip:   9.84 kB
dist/assets/LocationDetailPage-DP7Jp6lJ.js                       39.29 kB │ gzip:  10.84 kB
dist/assets/index-D9qr7lu9.js                                    51.29 kB │ gzip:  15.68 kB
dist/assets/LoginPage-CSADynMG.js                                71.73 kB │ gzip:  19.91 kB
dist/assets/Storefront-CeSiDgjq.js                               73.77 kB │ gzip:  21.38 kB
dist/assets/MetaAdsHubPage-Djanbz6h.js                          107.24 kB │ gzip:  29.05 kB
dist/assets/ManagementApp-CmfrUHEl.js                           179.97 kB │ gzip:  52.17 kB
dist/assets/index-UrKznJ-I.js                                   860.45 kB │ gzip: 224.23 kB

(!) Some chunks are larger than 500 kB after minification. Consider:
- Using dynamic import() to code-split the application
- Use build.rollupOptions.output.manualChunks to improve chunking: https://rollupjs.org/configuration-options/#output-manualchunks
- Adjust chunk size limit for this warning via build.chunkSizeWarningLimit.
✓ built in 4.47s
