
> app-integral-fm@1.0.0 build:ecommerce
> vite build --mode ecommerce

vite v6.4.3 building for ecommerce...
transforming...
✓ 1667 modules transformed.
rendering chunks...
computing gzip size...
dist/ecommerce/index.html                                                   1.93 kB │ gzip:   0.76 kB
dist/ecommerce/assets/manrope-latin-500-normal-BYYD-dBL.woff2              14.04 kB
dist/ecommerce/assets/manrope-latin-400-normal-PaqtzbVb.woff2              14.11 kB
dist/ecommerce/assets/manrope-latin-600-normal-4f0koTD-.woff2              14.17 kB
dist/ecommerce/assets/manrope-latin-700-normal-BZp_XxE4.woff2              14.21 kB
dist/ecommerce/assets/manrope-latin-500-normal-DMZssgOp.woff               18.24 kB
dist/ecommerce/assets/manrope-latin-400-normal-8tf8FM3T.woff               18.29 kB
dist/ecommerce/assets/manrope-latin-600-normal-BqgrALkZ.woff               18.38 kB
dist/ecommerce/assets/manrope-latin-700-normal-DGRFkw-m.woff               18.41 kB
dist/ecommerce/assets/cormorant-garamond-latin-500-normal-BsRWmXhO.woff2   23.31 kB
dist/ecommerce/assets/cormorant-garamond-latin-600-normal-Co1r35X9.woff2   23.40 kB
dist/ecommerce/assets/inter-latin-400-normal-C38fXH4l.woff2                23.66 kB
dist/ecommerce/assets/inter-latin-500-normal-Cerq10X2.woff2                24.27 kB
dist/ecommerce/assets/inter-latin-700-normal-Yt3aPRUw.woff2                24.36 kB
dist/ecommerce/assets/inter-latin-600-normal-LgqL8muc.woff2                24.45 kB
dist/ecommerce/assets/inter-latin-400-normal-CyCys3Eg.woff                 30.70 kB
dist/ecommerce/assets/inter-latin-600-normal-CiBQ2DWP.woff                 31.26 kB
dist/ecommerce/assets/inter-latin-500-normal-BL9OpVg8.woff                 31.28 kB
dist/ecommerce/assets/cormorant-garamond-latin-600-normal-2CBVLo0M.woff    31.30 kB
dist/ecommerce/assets/inter-latin-700-normal-BLAVimhd.woff                 31.32 kB
dist/ecommerce/assets/cormorant-garamond-latin-500-normal-zIXX3Q-H.woff    31.37 kB
dist/ecommerce/assets/index-8Xm5P7tO.css                                  224.20 kB │ gzip:  38.49 kB
dist/ecommerce/assets/index-ynfekFky.js                                   753.69 kB │ gzip: 202.62 kB

(!) Some chunks are larger than 500 kB after minification. Consider:
- Using dynamic import() to code-split the application
- Use build.rollupOptions.output.manualChunks to improve chunking: https://rollupjs.org/configuration-options/#output-manualchunks
- Adjust chunk size limit for this warning via build.chunkSizeWarningLimit.
✓ built in 3.08s
